// Jest Snapshot v1, https://goo.gl/fbAQLP

exports[`should render logo 1`] = `
<h2
  className="Title"
>
  Dummie Test
</h2>
`;
